Team A abilities loaded from data\team_draft_b.csv
Team B abilities loaded from data\team_dummy_easy.csv

Running 2,000 games  (smart vs dummy)...

────────────────────────────────────────
  Games played        : 2000
  DraftB              :  1623 wins  (81.2%)
  Easy                :   377 wins  (18.9%)
  Avg rallies/game   : 25.3
  Avg exchanges/rally: 1.85
────────────────────────────────────────
  Point-Scoring Efficiency (per rally):
    DraftB                 28831 scored /  21718 lost   PSE +14.1%   eff ratio 1.33x
      Hit kills                :    383  (1.3%)
      Tip kills                :   3594  (12.5%)
      Aces                     :    359  (1.2%)
      Stuffs                   :   9610  (33.3%)
      Deflections              :   4746  (16.5%)
      Other                    :  10139  (35.2%)
    Easy                   21718 scored /  28831 lost   PSE -14.1%   eff ratio 0.75x
      Hit kills                :  13200  (60.8%)
      Tip kills                :   5467  (25.2%)
      Aces                     :     29  (0.1%)
      Stuffs                   :   2387  (11.0%)
      Deflections              :     25  (0.1%)
      Opp. errors              :      3  (0.0%)
      Other                    :    607  (2.8%)
────────────────────────────────────────
  Rally endings (all types):
     11997x  Stuffed
      9061x  Tip not dug
      4771x  Deflect not dug
      2618x  Attacker-blocker match (lane 1, value 7) — lane eliminated
      2524x  Attacker-blocker match (lane 1, value 8) — lane eliminated
      1553x  Heavy spin not dug, no chase (attack=9, dig=6)
      1553x  Heavy spin not dug, no chase (attack=8, dig=4)
      1411x  Heavy spin not dug, no chase (attack=9, dig=4)
      1388x  Heavy spin not dug, no chase (attack=8, dig=5)
      1336x  Attacker-blocker match (lane 1, value 9) — lane eliminated
      1285x  Heavy spin not dug, no chase (attack=9, dig=5)
      1245x  Attacker-blocker match (lane 1, value 6) — lane eliminated
      1018x  Attacker-blocker match (lane 1, value 5) — lane eliminated
       982x  Attacker-blocker match (lane 1, value 4) — lane eliminated
       771x  Heavy spin not dug, no chase (attack=10, dig=4)
       759x  Heavy spin not dug, no chase (attack=10, dig=5)
       741x  Heavy spin not dug, no chase (attack=8, dig=3)
       698x  Kill (dig failed)
       618x  Heavy spin not dug, no chase (attack=9, dig=3)
       592x  Heavy spin not dug, no chase (attack=10, dig=6)
       574x  Heavy spin not dug, no chase (attack=9, dig=7)
       440x  Heavy spin not dug, no chase (attack=10, dig=7)
       388x  Serve ace (chase failed)
       322x  Heavy spin not dug, no chase (attack=10, dig=3)
       316x  Attacker-blocker match (lane 1, value 10) — lane eliminated
       257x  Attacker-blocker match (lane 1, value 3) — lane eliminated
       229x  Heavy spin not dug, no chase (attack=9, dig=8)
       166x  Heavy spin not dug, no chase (attack=9, dig=2)
       156x  Heavy spin not dug, no chase (attack=8, dig=2)
       116x  Kill (chase failed)
        78x  Attacker-blocker match (lane 3, value 7) — lane eliminated
        72x  Heavy spin not dug, no chase (attack=8, dig=1)
        67x  Heavy spin not dug, no chase (attack=10, dig=2)
        63x  Attacker-blocker match (lane 3, value 8) — lane eliminated
        61x  Attacker-blocker match (lane 3, value 4) — lane eliminated
        58x  Heavy spin not dug, no chase (attack=9, dig=1)
        54x  Attacker-blocker match (lane 3, value 5) — lane eliminated
        53x  Attacker-blocker match (lane 1, value 2) — lane eliminated
        47x  Attacker-blocker match (lane 3, value 6) — lane eliminated
        29x  Attacker-blocker match (lane 1, value 1) — lane eliminated
        20x  Attacker-blocker match (lane 3, value 3) — lane eliminated
        15x  Attacker-blocker match (lane 3, value 9) — lane eliminated
        14x  Heavy spin not dug, no chase (attack=10, dig=1)
         8x  Attacker-blocker match (lane 3, value 2) — lane eliminated
         7x  Attacker-blocker match (lane 2, value 3) — lane eliminated
         4x  Attacker-blocker match (lane 3, value 1) — lane eliminated
         3x  Attacker-blocker match (lane 2, value 5) — lane eliminated
         2x  Front+back attackers match (lane 1, value 5) - offensive confusion
         2x  Attacker-blocker match (lane 2, value 2) — lane eliminated
         2x  Attacker-blocker match (lane 2, value 7) — lane eliminated
         2x  Attacker-blocker match (lane 2, value 1) — lane eliminated
         1x  Attacker-blocker match (lane 2, value 6) — lane eliminated
         1x  Attacker-blocker match (lane 2, value 4) — lane eliminated
         1x  Front+back attackers match (lane 1, value 7) - offensive confusion
────────────────────────────────────────
