Team A abilities loaded from data\team_draft_random_a.csv
Team B abilities loaded from data\team_dummy_easy.csv

Running 2,000 games  (smart vs dummy)...

────────────────────────────────────────
  Games played        : 2000
  RandomA             :  1401 wins  (70.0%)
  Easy                :   599 wins  (29.9%)
  Avg rallies/game   : 25.7
  Avg exchanges/rally: 1.79
────────────────────────────────────────
  Point-Scoring Efficiency (per rally):
    RandomA                27979 scored /  23410 lost   PSE +8.9%   eff ratio 1.20x
      Hit kills                :    321  (1.1%)
      Tip kills                :   3007  (10.7%)
      Aces                     :    360  (1.3%)
      Stuffs                   :   9601  (34.3%)
      Deflections              :   4612  (16.5%)
      Other                    :  10078  (36.0%)
    Easy                   23410 scored /  27979 lost   PSE -8.9%   eff ratio 0.84x
      Hit kills                :  15028  (64.2%)
      Tip kills                :   5373  (23.0%)
      Aces                     :     31  (0.1%)
      Stuffs                   :   2296  (9.8%)
      Deflections              :     34  (0.1%)
      Opp. errors              :      1  (0.0%)
      Other                    :    647  (2.8%)
────────────────────────────────────────
  Rally endings (all types):
     11897x  Stuffed
      8380x  Tip not dug
      4646x  Deflect not dug
      2652x  Attacker-blocker match (lane 1, value 7) — lane eliminated
      2450x  Attacker-blocker match (lane 1, value 8) — lane eliminated
      1610x  Heavy spin not dug, no chase (attack=8, dig=4)
      1465x  Heavy spin not dug, no chase (attack=9, dig=6)
      1364x  Heavy spin not dug, no chase (attack=9, dig=4)
      1329x  Heavy spin not dug, no chase (attack=8, dig=5)
      1305x  Heavy spin not dug, no chase (attack=9, dig=5)
      1275x  Attacker-blocker match (lane 1, value 9) — lane eliminated
      1266x  Attacker-blocker match (lane 1, value 6) — lane eliminated
      1051x  Attacker-blocker match (lane 1, value 5) — lane eliminated
      1031x  Heavy spin not dug, no chase (attack=8, dig=6)
       946x  Attacker-blocker match (lane 1, value 4) — lane eliminated
       752x  Heavy spin not dug, no chase (attack=10, dig=4)
       744x  Heavy spin not dug, no chase (attack=10, dig=5)
       742x  Heavy spin not dug, no chase (attack=8, dig=7)
       689x  Heavy spin not dug, no chase (attack=8, dig=3)
       670x  Kill (dig failed)
       602x  Heavy spin not dug, no chase (attack=9, dig=7)
       581x  Heavy spin not dug, no chase (attack=10, dig=6)
       576x  Heavy spin not dug, no chase (attack=9, dig=3)
       403x  Heavy spin not dug, no chase (attack=10, dig=7)
       391x  Serve ace (chase failed)
       362x  Attacker-blocker match (lane 1, value 10) — lane eliminated
       335x  Heavy spin not dug, no chase (attack=10, dig=3)
       263x  Attacker-blocker match (lane 1, value 3) — lane eliminated
       230x  Heavy spin not dug, no chase (attack=10, dig=8)
       201x  Heavy spin not dug, no chase (attack=9, dig=8)
       153x  Heavy spin not dug, no chase (attack=9, dig=2)
       147x  Heavy spin not dug, no chase (attack=8, dig=2)
       115x  Heavy spin not dug, no chase (attack=10, dig=9)
       100x  Kill (chase failed)
        97x  Attacker-blocker match (lane 3, value 7) — lane eliminated
        65x  Heavy spin not dug, no chase (attack=10, dig=2)
        63x  Heavy spin not dug, no chase (attack=8, dig=1)
        62x  Attacker-blocker match (lane 3, value 8) — lane eliminated
        62x  Heavy spin not dug, no chase (attack=9, dig=1)
        60x  Attacker-blocker match (lane 3, value 4) — lane eliminated
        59x  Attacker-blocker match (lane 1, value 2) — lane eliminated
        48x  Attacker-blocker match (lane 3, value 6) — lane eliminated
        48x  Attacker-blocker match (lane 3, value 5) — lane eliminated
        26x  Attacker-blocker match (lane 1, value 1) — lane eliminated
        20x  Attacker-blocker match (lane 3, value 3) — lane eliminated
        15x  Heavy spin not dug, no chase (attack=10, dig=1)
        10x  Attacker-blocker match (lane 3, value 9) — lane eliminated
        10x  Attacker-blocker match (lane 3, value 2) — lane eliminated
         5x  Attacker-blocker match (lane 2, value 3) — lane eliminated
         4x  Attacker-blocker match (lane 2, value 1) — lane eliminated
         3x  Attacker-blocker match (lane 2, value 6) — lane eliminated
         3x  Attacker-blocker match (lane 3, value 1) — lane eliminated
         2x  Attacker-blocker match (lane 2, value 2) — lane eliminated
         2x  Attacker-blocker match (lane 2, value 5) — lane eliminated
         1x  Attacker-blocker match (lane 2, value 7) — lane eliminated
         1x  Front+back attackers match (lane 1, value 7) - offensive confusion
────────────────────────────────────────
