Team A abilities loaded from data\team_draft_a.csv
Team B abilities loaded from data\team_dummy_easy.csv

Running 2,000 games  (smart vs dummy)...

────────────────────────────────────────
  Games played        : 2000
  DraftA              :  1681 wins  (84.0%)
  Easy                :   319 wins  (16.0%)
  Avg rallies/game   : 25.1
  Avg exchanges/rally: 1.82
────────────────────────────────────────
  Point-Scoring Efficiency (per rally):
    DraftA                 29074 scored /  21212 lost   PSE +15.6%   eff ratio 1.37x
      Hit kills                :   1208  (4.2%)
      Tip kills                :   3561  (12.2%)
      Aces                     :    370  (1.3%)
      Stuffs                   :   9320  (32.1%)
      Deflections              :   4669  (16.1%)
      Other                    :   9946  (34.2%)
    Easy                   21212 scored /  29074 lost   PSE -15.6%   eff ratio 0.73x
      Hit kills                :  12998  (61.3%)
      Tip kills                :   5272  (24.9%)
      Aces                     :     28  (0.1%)
      Stuffs                   :   2283  (10.8%)
      Deflections              :     25  (0.1%)
      Opp. errors              :      2  (0.0%)
      Other                    :    604  (2.8%)
────────────────────────────────────────
  Rally endings (all types):
     11603x  Stuffed
      8833x  Tip not dug
      4694x  Deflect not dug
      2615x  Attacker-blocker match (lane 1, value 7) — lane eliminated
      2427x  Attacker-blocker match (lane 1, value 8) — lane eliminated
      1592x  Heavy spin not dug, no chase (attack=8, dig=4)
      1544x  Heavy spin not dug, no chase (attack=9, dig=6)
      1398x  Heavy spin not dug, no chase (attack=8, dig=5)
      1390x  Heavy spin not dug, no chase (attack=9, dig=4)
      1347x  Heavy spin not dug, no chase (attack=9, dig=5)
      1273x  Attacker-blocker match (lane 1, value 6) — lane eliminated
      1240x  Attacker-blocker match (lane 1, value 9) — lane eliminated
      1020x  Attacker-blocker match (lane 1, value 5) — lane eliminated
       971x  Attacker-blocker match (lane 1, value 4) — lane eliminated
       827x  Heavy spin not dug, no chase (attack=10, dig=4)
       760x  Heavy spin not dug, no chase (attack=10, dig=5)
       742x  Heavy spin not dug, no chase (attack=8, dig=3)
       699x  Kill (dig failed)
       635x  Heavy spin not dug, no chase (attack=9, dig=3)
       620x  Heavy spin not dug, no chase (attack=10, dig=6)
       616x  Heavy spin not dug, no chase (attack=9, dig=7)
       481x  Heavy spin not dug, no chase (attack=10, dig=7)
       398x  Serve ace (chase failed)
       337x  Heavy spin not dug, no chase (attack=10, dig=3)
       291x  Attacker-blocker match (lane 1, value 10) — lane eliminated
       279x  Heavy spin not dug, no chase (attack=9, dig=8)
       271x  Attacker-blocker match (lane 1, value 3) — lane eliminated
       178x  Heavy spin not dug, no chase (attack=8, dig=2)
       151x  Heavy spin not dug, no chase (attack=9, dig=2)
       100x  Kill (chase failed)
        99x  Heavy spin not dug, no chase (attack=10, dig=2)
        94x  Attacker-blocker match (lane 3, value 7) — lane eliminated
        86x  Heavy spin not dug, no chase (attack=8, dig=1)
        76x  Heavy spin not dug, no chase (attack=10, dig=8)
        67x  Heavy spin not dug, no chase (attack=9, dig=1)
        66x  Heavy spin not dug, no chase (attack=10, dig=9)
        61x  Attacker-blocker match (lane 3, value 4) — lane eliminated
        52x  Attacker-blocker match (lane 1, value 2) — lane eliminated
        51x  Attacker-blocker match (lane 3, value 5) — lane eliminated
        50x  Attacker-blocker match (lane 3, value 8) — lane eliminated
        47x  Attacker-blocker match (lane 3, value 6) — lane eliminated
        47x  Heavy spin not dug, no chase (attack=8, dig=7)
        44x  Heavy spin not dug, no chase (attack=10, dig=1)
        25x  Attacker-blocker match (lane 1, value 1) — lane eliminated
        25x  Heavy spin not dug, no chase (attack=8, dig=6)
        19x  Attacker-blocker match (lane 3, value 3) — lane eliminated
        14x  Attacker-blocker match (lane 3, value 9) — lane eliminated
         8x  Attacker-blocker match (lane 3, value 2) — lane eliminated
         7x  Attacker-blocker match (lane 2, value 3) — lane eliminated
         4x  Attacker-blocker match (lane 3, value 1) — lane eliminated
         3x  Attacker-blocker match (lane 2, value 5) — lane eliminated
         2x  Front+back attackers match (lane 1, value 5) - offensive confusion
         2x  Attacker-blocker match (lane 2, value 2) — lane eliminated
         2x  Attacker-blocker match (lane 2, value 7) — lane eliminated
         2x  Attacker-blocker match (lane 2, value 1) — lane eliminated
         1x  Attacker-blocker match (lane 2, value 6) — lane eliminated
────────────────────────────────────────
