Team A abilities loaded from data\team_draft_random_a.csv
Team B abilities loaded from data\team_dummy_medium.csv

Running 2,000 games  (smart vs dummy)...

────────────────────────────────────────
  Games played        : 2000
  RandomA             :  1016 wins  (50.8%)
  Medium              :   984 wins  (49.2%)
  Avg rallies/game   : 25.4
  Avg exchanges/rally: 3.20
────────────────────────────────────────
  Point-Scoring Efficiency (per rally):
    RandomA                25684 scored /  25021 lost   PSE +1.3%   eff ratio 1.03x
      Hit kills                :   1336  (5.2%)
      Tip kills                :   6027  (23.5%)
      Aces                     :    559  (2.2%)
      Stuffs                   :   6796  (26.5%)
      Deflections              :   6698  (26.1%)
      Opp. errors              :      5  (0.0%)
      Other                    :   4263  (16.6%)
    Medium                 25021 scored /  25684 lost   PSE -1.3%   eff ratio 0.97x
      Hit kills                :   3055  (12.2%)
      Tip kills                :  15826  (63.3%)
      Aces                     :      5  (0.0%)
      Stuffs                   :   4241  (16.9%)
      Deflections              :    253  (1.0%)
      Opp. errors              :      1  (0.0%)
      Other                    :   1640  (6.6%)
────────────────────────────────────────
  Rally endings (all types):
     21753x  Tip not dug
     11037x  Stuffed
      6951x  Deflect not dug
      2446x  Kill (dig failed)
      1945x  Kill (chase failed)
      1370x  Attacker-blocker match (lane 1, value 7) — lane eliminated
      1309x  Attacker-blocker match (lane 1, value 8) — lane eliminated
       655x  Attacker-blocker match (lane 1, value 9) — lane eliminated
       591x  Attacker-blocker match (lane 1, value 6) — lane eliminated
       564x  Serve ace (chase failed)
       511x  Attacker-blocker match (lane 1, value 5) — lane eliminated
       461x  Attacker-blocker match (lane 1, value 4) — lane eliminated
       140x  Attacker-blocker match (lane 1, value 10) — lane eliminated
       134x  Attacker-blocker match (lane 1, value 3) — lane eliminated
       129x  Attacker-blocker match (lane 3, value 8) — lane eliminated
       104x  Attacker-blocker match (lane 3, value 7) — lane eliminated
        70x  Attacker-blocker match (lane 1, value 2) — lane eliminated
        64x  Attacker-blocker match (lane 3, value 4) — lane eliminated
        48x  Attacker-blocker match (lane 3, value 9) — lane eliminated
        44x  Attacker-blocker match (lane 1, value 1) — lane eliminated
        44x  Attacker-blocker match (lane 3, value 6) — lane eliminated
        42x  Attacker-blocker match (lane 3, value 3) — lane eliminated
        31x  Attacker-blocker match (lane 3, value 5) — lane eliminated
        27x  Attacker-blocker match (lane 3, value 2) — lane eliminated
        23x  Seam shot deflect (attack=13, block=13)
        19x  Attacker-blocker match (lane 2, value 1) — lane eliminated
        18x  Attacker-blocker match (lane 2, value 3) — lane eliminated
        18x  Attacker-blocker match (lane 2, value 5) — lane eliminated
        16x  Attacker-blocker match (lane 2, value 4) — lane eliminated
        16x  Attacker-blocker match (lane 2, value 6) — lane eliminated
        14x  Seam shot deflect (attack=13, block=14)
        14x  Attacker-blocker match (lane 2, value 7) — lane eliminated
        12x  Attacker-blocker match (lane 2, value 2) — lane eliminated
         9x  Seam shot deflect (attack=13, block=15)
         9x  Attacker-blocker match (lane 3, value 1) — lane eliminated
         9x  Seam shot deflect (attack=14, block=16)
         9x  Seam shot deflect (attack=14, block=15)
         6x  Seam shot deflect (attack=14, block=14)
         6x  Seam shot deflect (attack=14, block=18)
         5x  Seam shot deflect (attack=13, block=17)
         4x  Attacker-blocker match (lane 2, value 8) — lane eliminated
         4x  Seam shot deflect (attack=13, block=16)
         3x  Seam shot deflect (attack=14, block=17)
         3x  Attacker-blocker match (lane 3, value 10) — lane eliminated
         3x  Seam shot deflect (attack=15, block=19)
         3x  Seam shot deflect (attack=15, block=15)
         3x  Seam shot deflect (attack=15, block=16)
         2x  Seam shot deflect (attack=15, block=17)
         1x  Front+back attackers match (lane 3, value 1) - offensive confusion
         1x  Front+back attackers match (lane 3, value 2) - offensive confusion
         1x  Front+back attackers match (lane 2, value 1) - offensive confusion
         1x  Front+back attackers match (lane 1, value 3) - offensive confusion
         1x  Front+back attackers match (lane 2, value 2) - offensive confusion
         1x  Seam shot deflect (attack=15, block=18)
         1x  Front+back attackers match (lane 2, value 4) - offensive confusion
────────────────────────────────────────
